../Core/Src/STM32F407_I2C_LCD16x02_Driver.c:18:13:GPIO_Config	40	static
../Core/Src/STM32F407_I2C_LCD16x02_Driver.c:44:13:I2C_Config	16	static
../Core/Src/STM32F407_I2C_LCD16x02_Driver.c:69:6:LCD_Send_Cmd	32	static
../Core/Src/STM32F407_I2C_LCD16x02_Driver.c:111:6:LCD_Send_Data	32	static
../Core/Src/STM32F407_I2C_LCD16x02_Driver.c:153:6:LCD_Init	8	static
../Core/Src/STM32F407_I2C_LCD16x02_Driver.c:191:6:LCD_Send_String	16	static
../Core/Src/STM32F407_I2C_LCD16x02_Driver.c:205:6:LCD_Clear_Then_Display	16	static
../Core/Src/STM32F407_I2C_LCD16x02_Driver.c:218:6:LCD_Send_String_On_Line1	16	static
../Core/Src/STM32F407_I2C_LCD16x02_Driver.c:230:6:LCD_Send_String_On_Line2	16	static
../Core/Src/STM32F407_I2C_LCD16x02_Driver.c:242:6:LCD_Display_Long_Message	32	static
../Core/Src/STM32F407_I2C_LCD16x02_Driver.c:281:6:SysTick_Handler	8	static
